{s:0}
0
{s:1, 5}
1
{s:2, 5, 6}
2
{s:3, 5, 6, 7}
3
{s:4, 5, 6, 7, 8}
4
{s:5, 5, 6, 7, 8, 9}
5
{s:6, 5, 6, 7, 8, 9, 10}
6
{s:7, 5, 6, 7, 8, 9, 10, 11}
7
{s:8, 5, 6, 7, 8, 9, 10, 11, 12}
8
{s:9, 5, 6, 7, 8, 9, 10, 11, 12, 13}
9
{s:10, 5, 6, 7, 8, 9, 10, 11, 12, 13, 14}
10
{s:11, 5, 6, 7, 8, 9, 10, 11, 12, 13, 14, 15}
11
5
6
7
8
9
10
11
12
13
14
15
5
6
